
> app@0.1.0 build
> next build

  Γû▓ Next.js 14.2.35
  - Environments: .env.local

   Creating an optimized production build ...
 Γ£ô Compiled successfully
   Linting and checking validity of types ...
node.exe : 
At line:1 char:1
+ & "C:\Program 
Files\nodejs/node.exe" "C:\Us
ers\minhq\AppData\Roaming\ 
...
+ ~~~~~~~~~~~~~~~~~~~~~~~~~~~
~~~~~~~~~~~~~~~~~~~~~~~~~~~~~
~~~~~~~~~~~~~
    + CategoryInfo           
   : NotSpecified: (:St    
ring) [], RemoteExcept    ion
    + FullyQualifiedErrorI   
 d : NativeCommandError
 
Failed to compile.

./src/app/(admin)/admin/cars/
page.tsx
26:87  Error: Unexpected 
any. Specify a different 
type.  @typescript-eslint/no-
explicit-any
92:19  Warning: Using 
`<img>` could result in 
slower LCP and higher 
bandwidth. Consider using 
`<Image />` from 
`next/image` to 
automatically optimize 
images. This may incur 
additional usage or cost 
from your provider. See: http
s://nextjs.org/docs/messages/
no-img-element  
@next/next/no-img-element
170:130  Error: Unexpected 
any. Specify a different 
type.  @typescript-eslint/no-
explicit-any
181:23  Warning: Using 
`<img>` could result in 
slower LCP and higher 
bandwidth. Consider using 
`<Image />` from 
`next/image` to 
automatically optimize 
images. This may incur 
additional usage or cost 
from your provider. See: http
s://nextjs.org/docs/messages/
no-img-element  
@next/next/no-img-element

./src/app/(admin)/admin/conte
nt/page.tsx
106:25  Warning: Using 
`<img>` could result in 
slower LCP and higher 
bandwidth. Consider using 
`<Image />` from 
`next/image` to 
automatically optimize 
images. This may incur 
additional usage or cost 
from your provider. See: http
s://nextjs.org/docs/messages/
no-img-element  
@next/next/no-img-element
106:25  Warning: img 
elements must have an alt 
prop, either with meaningful 
text, or an empty string for 
decorative images.  
jsx-a11y/alt-text

./src/app/(admin)/admin/custo
mers/page.tsx
5:58  Error: 'AdminInput' is 
defined but never used.  @typ
escript-eslint/no-unused-vars

./src/app/(admin)/admin/media
/page.tsx
44:15  Warning: Using 
`<img>` could result in 
slower LCP and higher 
bandwidth. Consider using 
`<Image />` from 
`next/image` to 
automatically optimize 
images. This may incur 
additional usage or cost 
from your provider. See: http
s://nextjs.org/docs/messages/
no-img-element  
@next/next/no-img-element

./src/components/DateTimePick
erModal.tsx
7:18  Error: 'addMonths' is 
defined but never used.  @typ
escript-eslint/no-unused-vars
7:85  Error: 'isToday' is 
defined but never used.  @typ
escript-eslint/no-unused-vars
153:38  Error: Unexpected 
any. Specify a different 
type.  @typescript-eslint/no-
explicit-any
169:42  Error: Unexpected 
any. Specify a different 
type.  @typescript-eslint/no-
explicit-any

info  - Need to disable some 
ESLint rules? Learn more 
here: https://nextjs.org/docs
/basic-features/eslint#disabl
ing-rules
